APL Shell implemented in Python 3, Copyright 2017 NewForester

Invocation without any flags or arguments will enter an interactive APL shell.
Use an APL command such as )OFF to exit.

Invocation without flags but with arguments will intepret the arguments as
an APL expression, print the result and exit.  Eg:

    $ apl.py 4 8 16 ÷ 2
    2 4 8

It is possible to log the entire interactive session to file:

    $ apl.py -l log_file

has the same effect as:

    $ apl.py |& tee -i log_file

except the second disables readline editing.

Non-interactive (or scripted) use is supported:

    $ apl.py < script_file
    $ cat script_file | apl-py
    $ apl.py -f script_file

will all interpret script_file as a sequence of APL expressions.  Interactive
output may be suppressed using the --silent flag.  In response to an error,
the interpreter will print the offending line (and line number) and then exit.

To be able to run a script directly from a Linux command line, the file must
be executable and its first line should read something like:

    # !/usr/bin/apl.py --silent -f

Use the path appropriate for your installation.  The -f flag must appear to the
right of any other flags.

There is no mechanism for script files to include other script files but they
may be chained together:

   $ apl.py -f file_1 -f file_2 ...

A standalone script file is expected to use )OFF or equivalent to terminate.
Otherwise script files are assumed to be rc files that set up a particular
environment (such as loading a workspace).

If the interpreter is still running after executing the last line of the final
script file, then it will consider entering the interactive shell or
interpreting command line arguments.

When working with scripts (and flags in general), -- indicates 'end of flags':
any command line arguments further to the right may be interpreted as an APL
expression:

    $ apl.py -f load_application_workspace -- invoke_application

If there are no such command line arguments and standard input has not been
redirected away from the terminal then the interpreter will enter the
interactive shell.

Summary of the command line flags recognised by the interpreter:
    -f --file           interpret contents of file as APL expressions

    -h --help           print this help text and exit
    -V --Version        print version information and exit

    -s --silent         suppress interactive output
    -v --verbose        resume interactive output

    --                  ends of flags

Note that at present in the interactive interpreter:

    ^D  (end of input)  is equivalent to )OFF
    ^C  (interrupt)     will abort execution and quit the interpreter

This program is still under active development:  any and all features are
'as is' and subject to change.

Your curiosity is much appreciated. Thank you.

